[INFO] Scanning for projects...
[INFO] 
[INFO] --------------------------< com.hermnet:api >---------------------------
[INFO] Building hermnet-api 0.0.1-SNAPSHOT
[INFO]   from pom.xml
[INFO] --------------------------------[ jar ]---------------------------------
[INFO] 
[INFO] --- clean:3.4.1:clean (default-clean) @ api ---
[INFO] Deleting C:\Users\alvar\Desktop\Hermnet\backend\target
[INFO] 
[INFO] --- resources:3.3.1:resources (default-resources) @ api ---
[INFO] Copying 1 resource from src\main\resources to target\classes
[INFO] Copying 1 resource from src\main\resources to target\classes
[INFO] 
[INFO] --- compiler:3.14.1:compile (default-compile) @ api ---
[INFO] Recompiling the module because of changed source code.
[INFO] Compiling 29 source files with javac [debug parameters release 21] to target\classes
[INFO] 
[INFO] --- resources:3.3.1:testResources (default-testResources) @ api ---
[INFO] Copying 2 resources from src\test\resources to target\test-classes
[INFO] 
[INFO] --- compiler:3.14.1:testCompile (default-testCompile) @ api ---
[INFO] Recompiling the module because of changed dependency.
[INFO] Compiling 20 source files with javac [debug parameters release 21] to target\test-classes
[WARNING] /C:/Users/alvar/Desktop/Hermnet/backend/src/test/java/com/hermnet/api/controller/AuthControllerTest.java:[33,10] org.springframework.boot.test.mock.mockito.MockBean in org.springframework.boot.test.mock.mockito has been deprecated and marked for removal
[WARNING] /C:/Users/alvar/Desktop/Hermnet/backend/src/test/java/com/hermnet/api/controller/AuthControllerTest.java:[33,10] org.springframework.boot.test.mock.mockito.MockBean in org.springframework.boot.test.mock.mockito has been deprecated and marked for removal
[WARNING] /C:/Users/alvar/Desktop/Hermnet/backend/src/test/java/com/hermnet/api/controller/AuthControllerTest.java:[33,10] org.springframework.boot.test.mock.mockito.MockBean in org.springframework.boot.test.mock.mockito has been deprecated and marked for removal
[WARNING] /C:/Users/alvar/Desktop/Hermnet/backend/src/test/java/com/hermnet/api/controller/AuthControllerTest.java:[33,10] org.springframework.boot.test.mock.mockito.MockBean in org.springframework.boot.test.mock.mockito has been deprecated and marked for removal
[WARNING] /C:/Users/alvar/Desktop/Hermnet/backend/src/test/java/com/hermnet/api/controller/AuthControllerTest.java:[33,10] org.springframework.boot.test.mock.mockito.MockBean in org.springframework.boot.test.mock.mockito has been deprecated and marked for removal
[WARNING] /C:/Users/alvar/Desktop/Hermnet/backend/src/test/java/com/hermnet/api/controller/AuthControllerTest.java:[36,10] org.springframework.boot.test.mock.mockito.MockBean in org.springframework.boot.test.mock.mockito has been deprecated and marked for removal
[WARNING] /C:/Users/alvar/Desktop/Hermnet/backend/src/test/java/com/hermnet/api/controller/AuthControllerTest.java:[36,10] org.springframework.boot.test.mock.mockito.MockBean in org.springframework.boot.test.mock.mockito has been deprecated and marked for removal
[WARNING] /C:/Users/alvar/Desktop/Hermnet/backend/src/test/java/com/hermnet/api/controller/AuthControllerTest.java:[36,10] org.springframework.boot.test.mock.mockito.MockBean in org.springframework.boot.test.mock.mockito has been deprecated and marked for removal
[WARNING] /C:/Users/alvar/Desktop/Hermnet/backend/src/test/java/com/hermnet/api/controller/AuthControllerTest.java:[36,10] org.springframework.boot.test.mock.mockito.MockBean in org.springframework.boot.test.mock.mockito has been deprecated and marked for removal
[WARNING] /C:/Users/alvar/Desktop/Hermnet/backend/src/test/java/com/hermnet/api/controller/AuthControllerTest.java:[36,10] org.springframework.boot.test.mock.mockito.MockBean in org.springframework.boot.test.mock.mockito has been deprecated and marked for removal
[WARNING] /C:/Users/alvar/Desktop/Hermnet/backend/src/test/java/com/hermnet/api/controller/MessageControllerSecurityTest.java:[37,6] org.springframework.boot.test.mock.mockito.MockBean in org.springframework.boot.test.mock.mockito has been deprecated and marked for removal
[WARNING] /C:/Users/alvar/Desktop/Hermnet/backend/src/test/java/com/hermnet/api/controller/MessageControllerSecurityTest.java:[37,6] org.springframework.boot.test.mock.mockito.MockBean in org.springframework.boot.test.mock.mockito has been deprecated and marked for removal
[WARNING] /C:/Users/alvar/Desktop/Hermnet/backend/src/test/java/com/hermnet/api/controller/MessageControllerSecurityTest.java:[37,6] org.springframework.boot.test.mock.mockito.MockBean in org.springframework.boot.test.mock.mockito has been deprecated and marked for removal
[WARNING] /C:/Users/alvar/Desktop/Hermnet/backend/src/test/java/com/hermnet/api/controller/MessageControllerSecurityTest.java:[37,6] org.springframework.boot.test.mock.mockito.MockBean in org.springframework.boot.test.mock.mockito has been deprecated and marked for removal
[WARNING] /C:/Users/alvar/Desktop/Hermnet/backend/src/test/java/com/hermnet/api/controller/MessageControllerSecurityTest.java:[37,6] org.springframework.boot.test.mock.mockito.MockBean in org.springframework.boot.test.mock.mockito has been deprecated and marked for removal
[WARNING] /C:/Users/alvar/Desktop/Hermnet/backend/src/test/java/com/hermnet/api/controller/MessageControllerSecurityTest.java:[40,6] org.springframework.boot.test.mock.mockito.MockBean in org.springframework.boot.test.mock.mockito has been deprecated and marked for removal
[WARNING] /C:/Users/alvar/Desktop/Hermnet/backend/src/test/java/com/hermnet/api/controller/MessageControllerSecurityTest.java:[40,6] org.springframework.boot.test.mock.mockito.MockBean in org.springframework.boot.test.mock.mockito has been deprecated and marked for removal
[WARNING] /C:/Users/alvar/Desktop/Hermnet/backend/src/test/java/com/hermnet/api/controller/MessageControllerSecurityTest.java:[40,6] org.springframework.boot.test.mock.mockito.MockBean in org.springframework.boot.test.mock.mockito has been deprecated and marked for removal
[WARNING] /C:/Users/alvar/Desktop/Hermnet/backend/src/test/java/com/hermnet/api/controller/MessageControllerSecurityTest.java:[40,6] org.springframework.boot.test.mock.mockito.MockBean in org.springframework.boot.test.mock.mockito has been deprecated and marked for removal
[WARNING] /C:/Users/alvar/Desktop/Hermnet/backend/src/test/java/com/hermnet/api/controller/MessageControllerSecurityTest.java:[40,6] org.springframework.boot.test.mock.mockito.MockBean in org.springframework.boot.test.mock.mockito has been deprecated and marked for removal
[WARNING] /C:/Users/alvar/Desktop/Hermnet/backend/src/test/java/com/hermnet/api/controller/MessageControllerSecurityTest.java:[43,6] org.springframework.boot.test.mock.mockito.MockBean in org.springframework.boot.test.mock.mockito has been deprecated and marked for removal
[WARNING] /C:/Users/alvar/Desktop/Hermnet/backend/src/test/java/com/hermnet/api/controller/MessageControllerSecurityTest.java:[43,6] org.springframework.boot.test.mock.mockito.MockBean in org.springframework.boot.test.mock.mockito has been deprecated and marked for removal
[WARNING] /C:/Users/alvar/Desktop/Hermnet/backend/src/test/java/com/hermnet/api/controller/MessageControllerSecurityTest.java:[43,6] org.springframework.boot.test.mock.mockito.MockBean in org.springframework.boot.test.mock.mockito has been deprecated and marked for removal
[WARNING] /C:/Users/alvar/Desktop/Hermnet/backend/src/test/java/com/hermnet/api/controller/MessageControllerSecurityTest.java:[43,6] org.springframework.boot.test.mock.mockito.MockBean in org.springframework.boot.test.mock.mockito has been deprecated and marked for removal
[WARNING] /C:/Users/alvar/Desktop/Hermnet/backend/src/test/java/com/hermnet/api/controller/MessageControllerSecurityTest.java:[43,6] org.springframework.boot.test.mock.mockito.MockBean in org.springframework.boot.test.mock.mockito has been deprecated and marked for removal
[WARNING] /C:/Users/alvar/Desktop/Hermnet/backend/src/test/java/com/hermnet/api/controller/MessageControllerTest.java:[31,6] org.springframework.boot.test.mock.mockito.MockBean in org.springframework.boot.test.mock.mockito has been deprecated and marked for removal
[WARNING] /C:/Users/alvar/Desktop/Hermnet/backend/src/test/java/com/hermnet/api/controller/MessageControllerTest.java:[31,6] org.springframework.boot.test.mock.mockito.MockBean in org.springframework.boot.test.mock.mockito has been deprecated and marked for removal
[WARNING] /C:/Users/alvar/Desktop/Hermnet/backend/src/test/java/com/hermnet/api/controller/MessageControllerTest.java:[31,6] org.springframework.boot.test.mock.mockito.MockBean in org.springframework.boot.test.mock.mockito has been deprecated and marked for removal
[WARNING] /C:/Users/alvar/Desktop/Hermnet/backend/src/test/java/com/hermnet/api/controller/MessageControllerTest.java:[31,6] org.springframework.boot.test.mock.mockito.MockBean in org.springframework.boot.test.mock.mockito has been deprecated and marked for removal
[WARNING] /C:/Users/alvar/Desktop/Hermnet/backend/src/test/java/com/hermnet/api/controller/MessageControllerTest.java:[31,6] org.springframework.boot.test.mock.mockito.MockBean in org.springframework.boot.test.mock.mockito has been deprecated and marked for removal
[WARNING] /C:/Users/alvar/Desktop/Hermnet/backend/src/test/java/com/hermnet/api/security/SecurityIntegrationTest.java:[26,6] org.springframework.boot.test.mock.mockito.MockBean in org.springframework.boot.test.mock.mockito has been deprecated and marked for removal
[WARNING] /C:/Users/alvar/Desktop/Hermnet/backend/src/test/java/com/hermnet/api/security/SecurityIntegrationTest.java:[26,6] org.springframework.boot.test.mock.mockito.MockBean in org.springframework.boot.test.mock.mockito has been deprecated and marked for removal
[WARNING] /C:/Users/alvar/Desktop/Hermnet/backend/src/test/java/com/hermnet/api/security/SecurityIntegrationTest.java:[26,6] org.springframework.boot.test.mock.mockito.MockBean in org.springframework.boot.test.mock.mockito has been deprecated and marked for removal
[WARNING] /C:/Users/alvar/Desktop/Hermnet/backend/src/test/java/com/hermnet/api/security/SecurityIntegrationTest.java:[26,6] org.springframework.boot.test.mock.mockito.MockBean in org.springframework.boot.test.mock.mockito has been deprecated and marked for removal
[WARNING] /C:/Users/alvar/Desktop/Hermnet/backend/src/test/java/com/hermnet/api/security/SecurityIntegrationTest.java:[26,6] org.springframework.boot.test.mock.mockito.MockBean in org.springframework.boot.test.mock.mockito has been deprecated and marked for removal
[INFO] 
[INFO] --- surefire:3.5.4:test (default-test) @ api ---
[INFO] Tests are skipped.
[INFO] 
[INFO] --- jar:3.4.2:jar (default-jar) @ api ---
[INFO] Building jar: C:\Users\alvar\Desktop\Hermnet\backend\target\api-0.0.1-SNAPSHOT.jar
[INFO] 
[INFO] --- spring-boot:3.5.10:repackage (repackage) @ api ---
[INFO] Replacing main artifact C:\Users\alvar\Desktop\Hermnet\backend\target\api-0.0.1-SNAPSHOT.jar with repackaged archive, adding nested dependencies in BOOT-INF/.
[INFO] The original artifact has been renamed to C:\Users\alvar\Desktop\Hermnet\backend\target\api-0.0.1-SNAPSHOT.jar.original
[INFO] 
[INFO] --- install:3.1.4:install (default-install) @ api ---
[INFO] Installing C:\Users\alvar\Desktop\Hermnet\backend\pom.xml to C:\Users\alvar\.m2\repository\com\hermnet\api\0.0.1-SNAPSHOT\api-0.0.1-SNAPSHOT.pom
[INFO] Installing C:\Users\alvar\Desktop\Hermnet\backend\target\api-0.0.1-SNAPSHOT.jar to C:\Users\alvar\.m2\repository\com\hermnet\api\0.0.1-SNAPSHOT\api-0.0.1-SNAPSHOT.jar
[INFO] ------------------------------------------------------------------------
[INFO] BUILD SUCCESS
[INFO] ------------------------------------------------------------------------
[INFO] Total time:  9.539 s
[INFO] Finished at: 2026-02-12T21:02:59+01:00
[INFO] ------------------------------------------------------------------------
