[INFO] Scanning for projects...
[INFO] 
[INFO] --------------------------< com.hermnet:api >---------------------------
[INFO] Building hermnet-api 0.0.1-SNAPSHOT
[INFO]   from pom.xml
[INFO] --------------------------------[ jar ]---------------------------------
[INFO] 
[INFO] --- resources:3.3.1:resources (default-resources) @ api ---
[INFO] Copying 1 resource from src\main\resources to target\classes
[INFO] Copying 1 resource from src\main\resources to target\classes
[INFO] 
[INFO] --- compiler:3.14.1:compile (default-compile) @ api ---
[INFO] Nothing to compile - all classes are up to date.
[INFO] 
[INFO] --- resources:3.3.1:testResources (default-testResources) @ api ---
[INFO] skip non existing resourceDirectory C:\Users\alvar\Desktop\Hermnet\backend\src\test\resources
[INFO] 
[INFO] --- compiler:3.14.1:testCompile (default-testCompile) @ api ---
[INFO] Recompiling the module because of changed source code.
[INFO] Compiling 14 source files with javac [debug parameters release 21] to target\test-classes
[INFO] Some messages have been simplified; recompile with -Xdiags:verbose to get full output
[INFO] -------------------------------------------------------------
[ERROR] COMPILATION ERROR : 
[INFO] -------------------------------------------------------------
[ERROR] /C:/Users/alvar/Desktop/Hermnet/backend/src/test/java/com/hermnet/api/model/AuthChallengeTest.java:[18,13] cannot find symbol
  symbol:   method setId(java.lang.String)
  location: variable user of type com.hermnet.api.model.User
[ERROR] /C:/Users/alvar/Desktop/Hermnet/backend/src/test/java/com/hermnet/api/model/AuthChallengeTest.java:[24,17] cannot find symbol
  symbol:   method challenge(java.lang.String)
  location: class com.hermnet.api.model.AuthChallenge.AuthChallengeBuilder
[ERROR] /C:/Users/alvar/Desktop/Hermnet/backend/src/test/java/com/hermnet/api/model/AuthChallengeTest.java:[30,45] cannot find symbol
  symbol:   method getChallenge()
  location: variable challenge of type com.hermnet.api.model.AuthChallenge
[ERROR] /C:/Users/alvar/Desktop/Hermnet/backend/src/test/java/com/hermnet/api/model/AuthChallengeTest.java:[31,37] cannot find symbol
  symbol:   method getUser()
  location: variable challenge of type com.hermnet.api.model.AuthChallenge
[ERROR] /C:/Users/alvar/Desktop/Hermnet/backend/src/test/java/com/hermnet/api/model/AuthChallengeTest.java:[68,29] cannot find symbol
  symbol:   method getChallenge()
  location: variable challenge of type com.hermnet.api.model.AuthChallenge
[ERROR] /C:/Users/alvar/Desktop/Hermnet/backend/src/test/java/com/hermnet/api/model/AuthChallengeTest.java:[78,35] no suitable constructor found for AuthChallenge(java.lang.String,com.hermnet.api.model.User,java.time.LocalDateTime)
    constructor com.hermnet.api.model.AuthChallenge.AuthChallenge(java.lang.Long,java.lang.String,com.hermnet.api.model.User,java.time.LocalDateTime) is not applicable
      (actual and formal argument lists differ in length)
    constructor com.hermnet.api.model.AuthChallenge.AuthChallenge() is not applicable
      (actual and formal argument lists differ in length)
[ERROR] /C:/Users/alvar/Desktop/Hermnet/backend/src/test/java/com/hermnet/api/model/AuthChallengeTest.java:[81,40] cannot find symbol
  symbol:   method getChallenge()
  location: variable challenge of type com.hermnet.api.model.AuthChallenge
[ERROR] /C:/Users/alvar/Desktop/Hermnet/backend/src/test/java/com/hermnet/api/model/AuthChallengeTest.java:[82,37] cannot find symbol
  symbol:   method getUser()
  location: variable challenge of type com.hermnet.api.model.AuthChallenge
[ERROR] /C:/Users/alvar/Desktop/Hermnet/backend/src/test/java/com/hermnet/api/model/MessageTest.java:[23,17] cannot find symbol
  symbol:   method recipientId(java.lang.String)
  location: class com.hermnet.api.model.Message.MessageBuilder
[ERROR] /C:/Users/alvar/Desktop/Hermnet/backend/src/test/java/com/hermnet/api/model/MessageTest.java:[29,40] cannot find symbol
  symbol:   method getRecipientId()
  location: variable message of type com.hermnet.api.model.Message
[ERROR] /C:/Users/alvar/Desktop/Hermnet/backend/src/test/java/com/hermnet/api/model/MessageTest.java:[30,41] cannot find symbol
  symbol:   method getSenderIdHash()
  location: variable message of type com.hermnet.api.model.Message
[ERROR] /C:/Users/alvar/Desktop/Hermnet/backend/src/test/java/com/hermnet/api/model/MessageTest.java:[31,43] cannot find symbol
  symbol:   method getEncryptedImage()
  location: variable message of type com.hermnet.api.model.Message
[ERROR] /C:/Users/alvar/Desktop/Hermnet/backend/src/test/java/com/hermnet/api/model/MessageTest.java:[55,23] cannot find symbol
  symbol:   method getRecipientId()
  location: variable msg of type com.hermnet.api.model.Message
[ERROR] /C:/Users/alvar/Desktop/Hermnet/backend/src/test/java/com/hermnet/api/model/MessageTest.java:[68,23] no suitable constructor found for Message(long,java.lang.String,java.lang.String,byte[],java.time.LocalDateTime)
    constructor com.hermnet.api.model.Message.Message(java.lang.Long,java.lang.String,byte[],java.time.LocalDateTime) is not applicable
      (actual and formal argument lists differ in length)
    constructor com.hermnet.api.model.Message.Message() is not applicable
      (actual and formal argument lists differ in length)
[ERROR] /C:/Users/alvar/Desktop/Hermnet/backend/src/test/java/com/hermnet/api/model/MessageTest.java:[71,29] cannot find symbol
  symbol:   method getId()
  location: variable msg of type com.hermnet.api.model.Message
[ERROR] /C:/Users/alvar/Desktop/Hermnet/backend/src/test/java/com/hermnet/api/model/MessageTest.java:[72,36] cannot find symbol
  symbol:   method getRecipientId()
  location: variable msg of type com.hermnet.api.model.Message
[ERROR] /C:/Users/alvar/Desktop/Hermnet/backend/src/test/java/com/hermnet/api/model/MessageTest.java:[73,37] cannot find symbol
  symbol:   method getSenderIdHash()
  location: variable msg of type com.hermnet.api.model.Message
[ERROR] /C:/Users/alvar/Desktop/Hermnet/backend/src/test/java/com/hermnet/api/model/MessageTest.java:[74,39] cannot find symbol
  symbol:   method getEncryptedImage()
  location: variable msg of type com.hermnet.api.model.Message
[ERROR] /C:/Users/alvar/Desktop/Hermnet/backend/src/test/java/com/hermnet/api/model/MessageTest.java:[85,12] cannot find symbol
  symbol:   method setRecipientId(java.lang.String)
  location: variable msg of type com.hermnet.api.model.Message
[ERROR] /C:/Users/alvar/Desktop/Hermnet/backend/src/test/java/com/hermnet/api/model/MessageTest.java:[88,36] cannot find symbol
  symbol:   method getRecipientId()
  location: variable msg of type com.hermnet.api.model.Message
[ERROR] /C:/Users/alvar/Desktop/Hermnet/backend/src/test/java/com/hermnet/api/repository/AuthChallengeRepositoryTest.java:[41,17] cannot find symbol
  symbol:   method id(java.lang.String)
  location: class com.hermnet.api.model.User.UserBuilder
[ERROR] /C:/Users/alvar/Desktop/Hermnet/backend/src/test/java/com/hermnet/api/repository/AuthChallengeRepositoryTest.java:[52,17] cannot find symbol
  symbol:   method challenge(java.lang.String)
  location: class com.hermnet.api.model.AuthChallenge.AuthChallengeBuilder
[ERROR] /C:/Users/alvar/Desktop/Hermnet/backend/src/test/java/com/hermnet/api/repository/AuthChallengeRepositoryTest.java:[61,70] incompatible types: java.lang.String cannot be converted to java.lang.Long
[ERROR] /C:/Users/alvar/Desktop/Hermnet/backend/src/test/java/com/hermnet/api/repository/AuthChallengeRepositoryTest.java:[63,40] cannot find symbol
  symbol:   method getChallenge()
  location: class com.hermnet.api.model.AuthChallenge
[ERROR] /C:/Users/alvar/Desktop/Hermnet/backend/src/test/java/com/hermnet/api/repository/AuthChallengeRepositoryTest.java:[64,30] cannot find symbol
  symbol:   method getId()
  location: variable testUser of type com.hermnet.api.model.User
[ERROR] /C:/Users/alvar/Desktop/Hermnet/backend/src/test/java/com/hermnet/api/repository/AuthChallengeRepositoryTest.java:[64,51] cannot find symbol
  symbol:   method getUser()
  location: class com.hermnet.api.model.AuthChallenge
[ERROR] /C:/Users/alvar/Desktop/Hermnet/backend/src/test/java/com/hermnet/api/repository/AuthChallengeRepositoryTest.java:[70,28] no suitable constructor found for AuthChallenge(java.lang.String,com.hermnet.api.model.User,java.time.LocalDateTime)
    constructor com.hermnet.api.model.AuthChallenge.AuthChallenge(java.lang.Long,java.lang.String,com.hermnet.api.model.User,java.time.LocalDateTime) is not applicable
      (actual and formal argument lists differ in length)
    constructor com.hermnet.api.model.AuthChallenge.AuthChallenge() is not applicable
      (actual and formal argument lists differ in length)
[ERROR] /C:/Users/alvar/Desktop/Hermnet/backend/src/test/java/com/hermnet/api/repository/AuthChallengeRepositoryTest.java:[71,28] no suitable constructor found for AuthChallenge(java.lang.String,com.hermnet.api.model.User,java.time.LocalDateTime)
    constructor com.hermnet.api.model.AuthChallenge.AuthChallenge(java.lang.Long,java.lang.String,com.hermnet.api.model.User,java.time.LocalDateTime) is not applicable
      (actual and formal argument lists differ in length)
    constructor com.hermnet.api.model.AuthChallenge.AuthChallenge() is not applicable
      (actual and formal argument lists differ in length)
[ERROR] /C:/Users/alvar/Desktop/Hermnet/backend/src/test/java/com/hermnet/api/repository/AuthChallengeRepositoryTest.java:[75,60] cannot find symbol
  symbol:   method id(java.lang.String)
  location: class com.hermnet.api.model.User.UserBuilder
[ERROR] /C:/Users/alvar/Desktop/Hermnet/backend/src/test/java/com/hermnet/api/repository/AuthChallengeRepositoryTest.java:[76,28] no suitable constructor found for AuthChallenge(java.lang.String,com.hermnet.api.model.User,java.time.LocalDateTime)
    constructor com.hermnet.api.model.AuthChallenge.AuthChallenge(java.lang.Long,java.lang.String,com.hermnet.api.model.User,java.time.LocalDateTime) is not applicable
      (actual and formal argument lists differ in length)
    constructor com.hermnet.api.model.AuthChallenge.AuthChallenge() is not applicable
      (actual and formal argument lists differ in length)
[ERROR] /C:/Users/alvar/Desktop/Hermnet/backend/src/test/java/com/hermnet/api/repository/AuthChallengeRepositoryTest.java:[82,28] cannot find symbol
  symbol:   method deleteByUser(com.hermnet.api.model.User)
  location: variable challengeRepository of type com.hermnet.api.repository.AuthChallengeRepository
[ERROR] /C:/Users/alvar/Desktop/Hermnet/backend/src/test/java/com/hermnet/api/repository/AuthChallengeRepositoryTest.java:[86,51] incompatible types: java.lang.String cannot be converted to java.lang.Long
[ERROR] /C:/Users/alvar/Desktop/Hermnet/backend/src/test/java/com/hermnet/api/repository/AuthChallengeRepositoryTest.java:[87,52] incompatible types: java.lang.String cannot be converted to java.lang.Long
[ERROR] /C:/Users/alvar/Desktop/Hermnet/backend/src/test/java/com/hermnet/api/repository/AuthChallengeRepositoryTest.java:[88,52] incompatible types: java.lang.String cannot be converted to java.lang.Long
[ERROR] /C:/Users/alvar/Desktop/Hermnet/backend/src/test/java/com/hermnet/api/repository/AuthChallengeRepositoryTest.java:[94,53] cannot find symbol
  symbol:   method deleteByUser(com.hermnet.api.model.User)
  location: variable challengeRepository of type com.hermnet.api.repository.AuthChallengeRepository
[ERROR] /C:/Users/alvar/Desktop/Hermnet/backend/src/test/java/com/hermnet/api/repository/AuthChallengeRepositoryTest.java:[101,33] no suitable constructor found for AuthChallenge(java.lang.String,com.hermnet.api.model.User,java.time.LocalDateTime)
    constructor com.hermnet.api.model.AuthChallenge.AuthChallenge(java.lang.Long,java.lang.String,com.hermnet.api.model.User,java.time.LocalDateTime) is not applicable
      (actual and formal argument lists differ in length)
    constructor com.hermnet.api.model.AuthChallenge.AuthChallenge() is not applicable
      (actual and formal argument lists differ in length)
[ERROR] /C:/Users/alvar/Desktop/Hermnet/backend/src/test/java/com/hermnet/api/repository/AuthChallengeRepositoryTest.java:[108,70] incompatible types: java.lang.String cannot be converted to java.lang.Long
[ERROR] /C:/Users/alvar/Desktop/Hermnet/backend/src/test/java/com/hermnet/api/repository/MessageRepositoryTest.java:[42,17] cannot find symbol
  symbol:   method recipientId(java.lang.String)
  location: class com.hermnet.api.model.Message.MessageBuilder
[ERROR] /C:/Users/alvar/Desktop/Hermnet/backend/src/test/java/com/hermnet/api/repository/MessageRepositoryTest.java:[54,54] cannot find symbol
  symbol:   method getRecipientId()
  location: class com.hermnet.api.model.Message
[ERROR] /C:/Users/alvar/Desktop/Hermnet/backend/src/test/java/com/hermnet/api/repository/MessageRepositoryTest.java:[55,51] cannot find symbol
  symbol:   method getEncryptedImage()
  location: class com.hermnet.api.model.Message
[ERROR] /C:/Users/alvar/Desktop/Hermnet/backend/src/test/java/com/hermnet/api/repository/MessageRepositoryTest.java:[62,17] cannot find symbol
  symbol:   method recipientId(java.lang.String)
  location: class com.hermnet.api.model.Message.MessageBuilder
[ERROR] /C:/Users/alvar/Desktop/Hermnet/backend/src/test/java/com/hermnet/api/repository/MessageRepositoryTest.java:[70,17] cannot find symbol
  symbol:   method recipientId(java.lang.String)
  location: class com.hermnet.api.model.Message.MessageBuilder
[ERROR] /C:/Users/alvar/Desktop/Hermnet/backend/src/test/java/com/hermnet/api/repository/MessageRepositoryTest.java:[79,17] cannot find symbol
  symbol:   method recipientId(java.lang.String)
  location: class com.hermnet.api.model.Message.MessageBuilder
[ERROR] /C:/Users/alvar/Desktop/Hermnet/backend/src/test/java/com/hermnet/api/repository/MessageRepositoryTest.java:[92,28] cannot find symbol
  symbol:   method getSenderIdHash()
  location: variable newMsg of type com.hermnet.api.model.Message
[ERROR] /C:/Users/alvar/Desktop/Hermnet/backend/src/test/java/com/hermnet/api/repository/MessageRepositoryTest.java:[92,60] cannot find symbol
  symbol:   method getSenderIdHash()
  location: class com.hermnet.api.model.Message
[ERROR] /C:/Users/alvar/Desktop/Hermnet/backend/src/test/java/com/hermnet/api/repository/MessageRepositoryTest.java:[93,28] cannot find symbol
  symbol:   method getSenderIdHash()
  location: variable oldMsg of type com.hermnet.api.model.Message
[ERROR] /C:/Users/alvar/Desktop/Hermnet/backend/src/test/java/com/hermnet/api/repository/MessageRepositoryTest.java:[93,60] cannot find symbol
  symbol:   method getSenderIdHash()
  location: class com.hermnet.api.model.Message
[ERROR] /C:/Users/alvar/Desktop/Hermnet/backend/src/test/java/com/hermnet/api/repository/MessageRepositoryTest.java:[111,17] cannot find symbol
  symbol:   method recipientId(java.lang.String)
  location: class com.hermnet.api.model.Message.MessageBuilder
[ERROR] /C:/Users/alvar/Desktop/Hermnet/backend/src/test/java/com/hermnet/api/repository/MessageRepositoryTest.java:[117,23] cannot find symbol
  symbol:   method getId()
  location: variable msg of type com.hermnet.api.model.Message
[ERROR] /C:/Users/alvar/Desktop/Hermnet/backend/src/test/java/com/hermnet/api/repository/MessageRepositoryTest.java:[123,28] cannot find symbol
  symbol:   method getId()
  location: variable saved of type com.hermnet.api.model.Message
[INFO] 50 errors 
[INFO] -------------------------------------------------------------
[INFO] ------------------------------------------------------------------------
[INFO] BUILD FAILURE
[INFO] ------------------------------------------------------------------------
[INFO] Total time:  4.658 s
[INFO] Finished at: 2026-02-11T21:30:50+01:00
[INFO] ------------------------------------------------------------------------
[ERROR] Failed to execute goal org.apache.maven.plugins:maven-compiler-plugin:3.14.1:testCompile (default-testCompile) on project api: Compilation failure: Compilation failure: 
[ERROR] /C:/Users/alvar/Desktop/Hermnet/backend/src/test/java/com/hermnet/api/model/AuthChallengeTest.java:[18,13] cannot find symbol
[ERROR]   symbol:   method setId(java.lang.String)
[ERROR]   location: variable user of type com.hermnet.api.model.User
[ERROR] /C:/Users/alvar/Desktop/Hermnet/backend/src/test/java/com/hermnet/api/model/AuthChallengeTest.java:[24,17] cannot find symbol
[ERROR]   symbol:   method challenge(java.lang.String)
[ERROR]   location: class com.hermnet.api.model.AuthChallenge.AuthChallengeBuilder
[ERROR] /C:/Users/alvar/Desktop/Hermnet/backend/src/test/java/com/hermnet/api/model/AuthChallengeTest.java:[30,45] cannot find symbol
[ERROR]   symbol:   method getChallenge()
[ERROR]   location: variable challenge of type com.hermnet.api.model.AuthChallenge
[ERROR] /C:/Users/alvar/Desktop/Hermnet/backend/src/test/java/com/hermnet/api/model/AuthChallengeTest.java:[31,37] cannot find symbol
[ERROR]   symbol:   method getUser()
[ERROR]   location: variable challenge of type com.hermnet.api.model.AuthChallenge
[ERROR] /C:/Users/alvar/Desktop/Hermnet/backend/src/test/java/com/hermnet/api/model/AuthChallengeTest.java:[68,29] cannot find symbol
[ERROR]   symbol:   method getChallenge()
[ERROR]   location: variable challenge of type com.hermnet.api.model.AuthChallenge
[ERROR] /C:/Users/alvar/Desktop/Hermnet/backend/src/test/java/com/hermnet/api/model/AuthChallengeTest.java:[78,35] no suitable constructor found for AuthChallenge(java.lang.String,com.hermnet.api.model.User,java.time.LocalDateTime)
[ERROR]     constructor com.hermnet.api.model.AuthChallenge.AuthChallenge(java.lang.Long,java.lang.String,com.hermnet.api.model.User,java.time.LocalDateTime) is not applicable
[ERROR]       (actual and formal argument lists differ in length)
[ERROR]     constructor com.hermnet.api.model.AuthChallenge.AuthChallenge() is not applicable
[ERROR]       (actual and formal argument lists differ in length)
[ERROR] /C:/Users/alvar/Desktop/Hermnet/backend/src/test/java/com/hermnet/api/model/AuthChallengeTest.java:[81,40] cannot find symbol
[ERROR]   symbol:   method getChallenge()
[ERROR]   location: variable challenge of type com.hermnet.api.model.AuthChallenge
[ERROR] /C:/Users/alvar/Desktop/Hermnet/backend/src/test/java/com/hermnet/api/model/AuthChallengeTest.java:[82,37] cannot find symbol
[ERROR]   symbol:   method getUser()
[ERROR]   location: variable challenge of type com.hermnet.api.model.AuthChallenge
[ERROR] /C:/Users/alvar/Desktop/Hermnet/backend/src/test/java/com/hermnet/api/model/MessageTest.java:[23,17] cannot find symbol
[ERROR]   symbol:   method recipientId(java.lang.String)
[ERROR]   location: class com.hermnet.api.model.Message.MessageBuilder
[ERROR] /C:/Users/alvar/Desktop/Hermnet/backend/src/test/java/com/hermnet/api/model/MessageTest.java:[29,40] cannot find symbol
[ERROR]   symbol:   method getRecipientId()
[ERROR]   location: variable message of type com.hermnet.api.model.Message
[ERROR] /C:/Users/alvar/Desktop/Hermnet/backend/src/test/java/com/hermnet/api/model/MessageTest.java:[30,41] cannot find symbol
[ERROR]   symbol:   method getSenderIdHash()
[ERROR]   location: variable message of type com.hermnet.api.model.Message
[ERROR] /C:/Users/alvar/Desktop/Hermnet/backend/src/test/java/com/hermnet/api/model/MessageTest.java:[31,43] cannot find symbol
[ERROR]   symbol:   method getEncryptedImage()
[ERROR]   location: variable message of type com.hermnet.api.model.Message
[ERROR] /C:/Users/alvar/Desktop/Hermnet/backend/src/test/java/com/hermnet/api/model/MessageTest.java:[55,23] cannot find symbol
[ERROR]   symbol:   method getRecipientId()
[ERROR]   location: variable msg of type com.hermnet.api.model.Message
[ERROR] /C:/Users/alvar/Desktop/Hermnet/backend/src/test/java/com/hermnet/api/model/MessageTest.java:[68,23] no suitable constructor found for Message(long,java.lang.String,java.lang.String,byte[],java.time.LocalDateTime)
[ERROR]     constructor com.hermnet.api.model.Message.Message(java.lang.Long,java.lang.String,byte[],java.time.LocalDateTime) is not applicable
[ERROR]       (actual and formal argument lists differ in length)
[ERROR]     constructor com.hermnet.api.model.Message.Message() is not applicable
[ERROR]       (actual and formal argument lists differ in length)
[ERROR] /C:/Users/alvar/Desktop/Hermnet/backend/src/test/java/com/hermnet/api/model/MessageTest.java:[71,29] cannot find symbol
[ERROR]   symbol:   method getId()
[ERROR]   location: variable msg of type com.hermnet.api.model.Message
[ERROR] /C:/Users/alvar/Desktop/Hermnet/backend/src/test/java/com/hermnet/api/model/MessageTest.java:[72,36] cannot find symbol
[ERROR]   symbol:   method getRecipientId()
[ERROR]   location: variable msg of type com.hermnet.api.model.Message
[ERROR] /C:/Users/alvar/Desktop/Hermnet/backend/src/test/java/com/hermnet/api/model/MessageTest.java:[73,37] cannot find symbol
[ERROR]   symbol:   method getSenderIdHash()
[ERROR]   location: variable msg of type com.hermnet.api.model.Message
[ERROR] /C:/Users/alvar/Desktop/Hermnet/backend/src/test/java/com/hermnet/api/model/MessageTest.java:[74,39] cannot find symbol
[ERROR]   symbol:   method getEncryptedImage()
[ERROR]   location: variable msg of type com.hermnet.api.model.Message
[ERROR] /C:/Users/alvar/Desktop/Hermnet/backend/src/test/java/com/hermnet/api/model/MessageTest.java:[85,12] cannot find symbol
[ERROR]   symbol:   method setRecipientId(java.lang.String)
[ERROR]   location: variable msg of type com.hermnet.api.model.Message
[ERROR] /C:/Users/alvar/Desktop/Hermnet/backend/src/test/java/com/hermnet/api/model/MessageTest.java:[88,36] cannot find symbol
[ERROR]   symbol:   method getRecipientId()
[ERROR]   location: variable msg of type com.hermnet.api.model.Message
[ERROR] /C:/Users/alvar/Desktop/Hermnet/backend/src/test/java/com/hermnet/api/repository/AuthChallengeRepositoryTest.java:[41,17] cannot find symbol
[ERROR]   symbol:   method id(java.lang.String)
[ERROR]   location: class com.hermnet.api.model.User.UserBuilder
[ERROR] /C:/Users/alvar/Desktop/Hermnet/backend/src/test/java/com/hermnet/api/repository/AuthChallengeRepositoryTest.java:[52,17] cannot find symbol
[ERROR]   symbol:   method challenge(java.lang.String)
[ERROR]   location: class com.hermnet.api.model.AuthChallenge.AuthChallengeBuilder
[ERROR] /C:/Users/alvar/Desktop/Hermnet/backend/src/test/java/com/hermnet/api/repository/AuthChallengeRepositoryTest.java:[61,70] incompatible types: java.lang.String cannot be converted to java.lang.Long
[ERROR] /C:/Users/alvar/Desktop/Hermnet/backend/src/test/java/com/hermnet/api/repository/AuthChallengeRepositoryTest.java:[63,40] cannot find symbol
[ERROR]   symbol:   method getChallenge()
[ERROR]   location: class com.hermnet.api.model.AuthChallenge
[ERROR] /C:/Users/alvar/Desktop/Hermnet/backend/src/test/java/com/hermnet/api/repository/AuthChallengeRepositoryTest.java:[64,30] cannot find symbol
[ERROR]   symbol:   method getId()
[ERROR]   location: variable testUser of type com.hermnet.api.model.User
[ERROR] /C:/Users/alvar/Desktop/Hermnet/backend/src/test/java/com/hermnet/api/repository/AuthChallengeRepositoryTest.java:[64,51] cannot find symbol
[ERROR]   symbol:   method getUser()
[ERROR]   location: class com.hermnet.api.model.AuthChallenge
[ERROR] /C:/Users/alvar/Desktop/Hermnet/backend/src/test/java/com/hermnet/api/repository/AuthChallengeRepositoryTest.java:[70,28] no suitable constructor found for AuthChallenge(java.lang.String,com.hermnet.api.model.User,java.time.LocalDateTime)
[ERROR]     constructor com.hermnet.api.model.AuthChallenge.AuthChallenge(java.lang.Long,java.lang.String,com.hermnet.api.model.User,java.time.LocalDateTime) is not applicable
[ERROR]       (actual and formal argument lists differ in length)
[ERROR]     constructor com.hermnet.api.model.AuthChallenge.AuthChallenge() is not applicable
[ERROR]       (actual and formal argument lists differ in length)
[ERROR] /C:/Users/alvar/Desktop/Hermnet/backend/src/test/java/com/hermnet/api/repository/AuthChallengeRepositoryTest.java:[71,28] no suitable constructor found for AuthChallenge(java.lang.String,com.hermnet.api.model.User,java.time.LocalDateTime)
[ERROR]     constructor com.hermnet.api.model.AuthChallenge.AuthChallenge(java.lang.Long,java.lang.String,com.hermnet.api.model.User,java.time.LocalDateTime) is not applicable
[ERROR]       (actual and formal argument lists differ in length)
[ERROR]     constructor com.hermnet.api.model.AuthChallenge.AuthChallenge() is not applicable
[ERROR]       (actual and formal argument lists differ in length)
[ERROR] /C:/Users/alvar/Desktop/Hermnet/backend/src/test/java/com/hermnet/api/repository/AuthChallengeRepositoryTest.java:[75,60] cannot find symbol
[ERROR]   symbol:   method id(java.lang.String)
[ERROR]   location: class com.hermnet.api.model.User.UserBuilder
[ERROR] /C:/Users/alvar/Desktop/Hermnet/backend/src/test/java/com/hermnet/api/repository/AuthChallengeRepositoryTest.java:[76,28] no suitable constructor found for AuthChallenge(java.lang.String,com.hermnet.api.model.User,java.time.LocalDateTime)
[ERROR]     constructor com.hermnet.api.model.AuthChallenge.AuthChallenge(java.lang.Long,java.lang.String,com.hermnet.api.model.User,java.time.LocalDateTime) is not applicable
[ERROR]       (actual and formal argument lists differ in length)
[ERROR]     constructor com.hermnet.api.model.AuthChallenge.AuthChallenge() is not applicable
[ERROR]       (actual and formal argument lists differ in length)
[ERROR] /C:/Users/alvar/Desktop/Hermnet/backend/src/test/java/com/hermnet/api/repository/AuthChallengeRepositoryTest.java:[82,28] cannot find symbol
[ERROR]   symbol:   method deleteByUser(com.hermnet.api.model.User)
[ERROR]   location: variable challengeRepository of type com.hermnet.api.repository.AuthChallengeRepository
[ERROR] /C:/Users/alvar/Desktop/Hermnet/backend/src/test/java/com/hermnet/api/repository/AuthChallengeRepositoryTest.java:[86,51] incompatible types: java.lang.String cannot be converted to java.lang.Long
[ERROR] /C:/Users/alvar/Desktop/Hermnet/backend/src/test/java/com/hermnet/api/repository/AuthChallengeRepositoryTest.java:[87,52] incompatible types: java.lang.String cannot be converted to java.lang.Long
[ERROR] /C:/Users/alvar/Desktop/Hermnet/backend/src/test/java/com/hermnet/api/repository/AuthChallengeRepositoryTest.java:[88,52] incompatible types: java.lang.String cannot be converted to java.lang.Long
[ERROR] /C:/Users/alvar/Desktop/Hermnet/backend/src/test/java/com/hermnet/api/repository/AuthChallengeRepositoryTest.java:[94,53] cannot find symbol
[ERROR]   symbol:   method deleteByUser(com.hermnet.api.model.User)
[ERROR]   location: variable challengeRepository of type com.hermnet.api.repository.AuthChallengeRepository
[ERROR] /C:/Users/alvar/Desktop/Hermnet/backend/src/test/java/com/hermnet/api/repository/AuthChallengeRepositoryTest.java:[101,33] no suitable constructor found for AuthChallenge(java.lang.String,com.hermnet.api.model.User,java.time.LocalDateTime)
[ERROR]     constructor com.hermnet.api.model.AuthChallenge.AuthChallenge(java.lang.Long,java.lang.String,com.hermnet.api.model.User,java.time.LocalDateTime) is not applicable
[ERROR]       (actual and formal argument lists differ in length)
[ERROR]     constructor com.hermnet.api.model.AuthChallenge.AuthChallenge() is not applicable
[ERROR]       (actual and formal argument lists differ in length)
[ERROR] /C:/Users/alvar/Desktop/Hermnet/backend/src/test/java/com/hermnet/api/repository/AuthChallengeRepositoryTest.java:[108,70] incompatible types: java.lang.String cannot be converted to java.lang.Long
[ERROR] /C:/Users/alvar/Desktop/Hermnet/backend/src/test/java/com/hermnet/api/repository/MessageRepositoryTest.java:[42,17] cannot find symbol
[ERROR]   symbol:   method recipientId(java.lang.String)
[ERROR]   location: class com.hermnet.api.model.Message.MessageBuilder
[ERROR] /C:/Users/alvar/Desktop/Hermnet/backend/src/test/java/com/hermnet/api/repository/MessageRepositoryTest.java:[54,54] cannot find symbol
[ERROR]   symbol:   method getRecipientId()
[ERROR]   location: class com.hermnet.api.model.Message
[ERROR] /C:/Users/alvar/Desktop/Hermnet/backend/src/test/java/com/hermnet/api/repository/MessageRepositoryTest.java:[55,51] cannot find symbol
[ERROR]   symbol:   method getEncryptedImage()
[ERROR]   location: class com.hermnet.api.model.Message
[ERROR] /C:/Users/alvar/Desktop/Hermnet/backend/src/test/java/com/hermnet/api/repository/MessageRepositoryTest.java:[62,17] cannot find symbol
[ERROR]   symbol:   method recipientId(java.lang.String)
[ERROR]   location: class com.hermnet.api.model.Message.MessageBuilder
[ERROR] /C:/Users/alvar/Desktop/Hermnet/backend/src/test/java/com/hermnet/api/repository/MessageRepositoryTest.java:[70,17] cannot find symbol
[ERROR]   symbol:   method recipientId(java.lang.String)
[ERROR]   location: class com.hermnet.api.model.Message.MessageBuilder
[ERROR] /C:/Users/alvar/Desktop/Hermnet/backend/src/test/java/com/hermnet/api/repository/MessageRepositoryTest.java:[79,17] cannot find symbol
[ERROR]   symbol:   method recipientId(java.lang.String)
[ERROR]   location: class com.hermnet.api.model.Message.MessageBuilder
[ERROR] /C:/Users/alvar/Desktop/Hermnet/backend/src/test/java/com/hermnet/api/repository/MessageRepositoryTest.java:[92,28] cannot find symbol
[ERROR]   symbol:   method getSenderIdHash()
[ERROR]   location: variable newMsg of type com.hermnet.api.model.Message
[ERROR] /C:/Users/alvar/Desktop/Hermnet/backend/src/test/java/com/hermnet/api/repository/MessageRepositoryTest.java:[92,60] cannot find symbol
[ERROR]   symbol:   method getSenderIdHash()
[ERROR]   location: class com.hermnet.api.model.Message
[ERROR] /C:/Users/alvar/Desktop/Hermnet/backend/src/test/java/com/hermnet/api/repository/MessageRepositoryTest.java:[93,28] cannot find symbol
[ERROR]   symbol:   method getSenderIdHash()
[ERROR]   location: variable oldMsg of type com.hermnet.api.model.Message
[ERROR] /C:/Users/alvar/Desktop/Hermnet/backend/src/test/java/com/hermnet/api/repository/MessageRepositoryTest.java:[93,60] cannot find symbol
[ERROR]   symbol:   method getSenderIdHash()
[ERROR]   location: class com.hermnet.api.model.Message
[ERROR] /C:/Users/alvar/Desktop/Hermnet/backend/src/test/java/com/hermnet/api/repository/MessageRepositoryTest.java:[111,17] cannot find symbol
[ERROR]   symbol:   method recipientId(java.lang.String)
[ERROR]   location: class com.hermnet.api.model.Message.MessageBuilder
[ERROR] /C:/Users/alvar/Desktop/Hermnet/backend/src/test/java/com/hermnet/api/repository/MessageRepositoryTest.java:[117,23] cannot find symbol
[ERROR]   symbol:   method getId()
[ERROR]   location: variable msg of type com.hermnet.api.model.Message
[ERROR] /C:/Users/alvar/Desktop/Hermnet/backend/src/test/java/com/hermnet/api/repository/MessageRepositoryTest.java:[123,28] cannot find symbol
[ERROR]   symbol:   method getId()
[ERROR]   location: variable saved of type com.hermnet.api.model.Message
[ERROR] -> [Help 1]
[ERROR] 
[ERROR] To see the full stack trace of the errors, re-run Maven with the -e switch.
[ERROR] Re-run Maven using the -X switch to enable full debug logging.
[ERROR] 
[ERROR] For more information about the errors and possible solutions, please read the following articles:
[ERROR] [Help 1] http://cwiki.apache.org/confluence/display/MAVEN/MojoFailureException
